COMMAND ['scripts/spur-cargo', 'test', '-p', 'spur-pm', 'issue_', '--lib', '--', '--nocapture']
[spur-cargo] remote (test) → aws-my VM
[build] Worktree: spur/worktrees/6e49c414-0c7c-43e6-ae12-230c2e47e4c0  (local=/Volumes/Projects/spur/.spur/worktrees/6e49c414-0c7c-43e6-ae12-230c2e47e4c0)
[build] Remote:   ~/spur/worktrees/6e49c414-0c7c-43e6-ae12-230c2e47e4c0   target=/mnt/cargo/targets/spur/worktrees/6e49c414-0c7c-43e6-ae12-230c2e47e4c0   -j8
[build] Remote build queue: admitted as ticket 194 (slot 1/3) on spur-builder (2 slot(s)/builder, 3 builder(s)).
[build] SSH transport: SSH-over-SSM (instance i-035f3692d8c17df4a)
[build] Waiting for SSH-over-SSM on i-035f3692d8c17df4a...
[build] Waiting for startup-script to finish (golden AMI ≈1-2 min; base AMI cold path ≈10 min)...
startup-script complete
[build] Refreshing remote disk watchdog...
[build] Enumerating workspace files (tracked + non-ignored untracked)...
[build]   3569 files to sync
[build] Syncing to i-035f3692d8c17df4a:~/spur/worktrees/6e49c414-0c7c-43e6-ae12-230c2e47e4c0 ...
[build] Re-stamping 1 synced path(s) to VM clock...
[build] Reconciling remote workspace (pruning locally-deleted files)...
[prune] no files removed locally since last sync
[build] Configuring remote git auth for private getspur/SpurCode deps...
[build] Running: cargo --config build.rustflags=\[\"-Ctarget-cpu=neoverse-v2\"\,\"-Ctarget-feature=+lse\"\,\"-Clinker=clang\"\,\"-Clink-arg=-fuse-ld=/mnt/cargo/rust-lld-driver/ld.lld\"\] test -p spur-pm issue_ --lib -- --nocapture  -j8  provider-rustflags=-Ctarget-cpu=neoverse-v2 -Ctarget-feature=+lse -Clinker=clang -Clink-arg=-fuse-ld=/mnt/cargo/rust-lld-driver/ld.lld
[build] Disk preflight: cargo free=141G used=66% root free=3G used=98% — running spur-disk-watchdog
[build]   root disk at 98% free=3G — reclaiming root caches/source
[build]     ROOT CRITICAL — dropping leftover root ~/.cache/ort + old duckdb extensions
[build]   /dev/nvme0n1p1   99G   92G  2.4G  98% /
[build]   Filesystem      Size  Used Avail Use% Mounted on
[build]   /dev/nvme1n1    434G  271G  141G  66% /mnt/cargo
[build]   /dev/nvme0n1p1   99G   92G  2.4G  98% /
[build] ensuring pinned toolchain (serialized)
   Compiling spur-pm v1.24.0 (/home/admin/spur/worktrees/6e49c414-0c7c-43e6-ae12-230c2e47e4c0/crates/spur-pm)
    Finished `test` profile [unoptimized + debuginfo] target(s) in 6.99s
     Running unittests src/lib.rs (/mnt/cargo/targets/spur/worktrees/6e49c414-0c7c-43e6-ae12-230c2e47e4c0/debug/deps/spur_pm-e546af2f83fe7a11)

running 80 tests
test beads_crate::issue_changes::tests::comment_replace_records_old_owner_even_when_delete_triggers_are_disabled ... ok
test beads_crate::issue_changes::tests::comment_and_audit_mutations_are_separate_from_summaries ... ok
test beads_crate::issue_changes::tests::coalescing_retains_older_domain_changes_for_lagging_independent_readers ... ok
test beads_crate::issue_changes::tests::dependency_edits_are_hygiene_only_and_rollbacks_do_not_advance_the_feed ... ok
test beads_crate::issue_changes::tests::adapter_installs_feed_before_external_mutations ... ok
test beads_crate::issue_changes::tests::every_summary_filter_order_field_is_tracked_and_other_issue_fields_reach_hygiene ... ok
test beads_crate::issue_changes::tests::exact_trigger_restoration_cannot_hide_an_untracked_edit ... ok
test beads_crate::issue_changes::tests::external_description_edit_with_fixed_timestamp_and_hash_is_visible ... ok
test beads_crate::issue_changes::tests::hygiene_review_mixed_case_structural_changes_track_old_and_new_children ... ok
test beads_crate::issue_changes::tests::hidden_rowid_replace_victims_are_not_lost ... ok
test beads_crate::issue_changes::tests::label_add_remove_rename_and_reparent_report_both_ids ... ok
recovery SQLite 3.51.3
test beads_crate::issue_changes::tests::insert_tombstone_delete_and_id_change_retain_deletion_evidence ... ok
test beads_crate::issue_changes::tests::adapter_comment_timestamp_is_unrelated_to_plain_summaries ... ok
test beads_crate::issue_changes::tests::label_rowid_replace_reports_the_displaced_owner ... ok
test beads_crate::issue_changes::tests::structural_combined_retarget_type_change_marks_both_children ... ok
test beads_crate::issue_changes::tests::replace_insert_and_update_include_external_ref_victims_without_recursive_triggers ... ok
test beads_crate::issue_changes::tests::serialized_cursor_after_feed_restart_detects_clone_replacement ... ok
test beads_crate::issue_changes::tests::reconnect_preserves_cursor_and_database_replacement_requires_reseed ... ok
WAL post-repair rejection: no such table: main.spur_issue_changes
test beads_crate::issue_changes::tests::hygiene_review_mixed_case_replace_captures_rowid_and_composite_key_victims ... ok
test beads_crate::issue_changes::tests::structural_edges_track_old_new_children_and_ignore_blockers ... ok
test beads_crate::issue_changes::tests::timestamp_only_edits_signal_since_membership_entry_and_exit ... ok
test beads_crate::issue_reads_tests::acceptance::s7_request_benchmark ... ignored, manual optimized whole-request and admission measurements
watermark/delta work size=3: ((1, 54, 0, 0), (0, 16, 0, 1)) (rows, vm, fullscan, sorts)
test beads_crate::issue_changes::tests::structural_replace_captures_rowid_and_key_victims_without_recursive_triggers ... ok
test beads_crate::issue_changes::tests::watermark_delta_and_loaded_rows_share_one_snapshot ... ok
DELETE post-repair rejection: no such table: main.spur_issue_changes
test beads_crate::issue_changes::tests::timestamp_summary_and_comment_revisions_survive_compaction_in_both_orders ... ok
test beads_crate::issue_reads_tests::acceptance::s7_write_benchmark ... ignored, manual batch index/feed overhead and journal allocation measurements
test beads_crate::issue_changes::tests::repaired_journal_rejects_stale_writer_then_schema_read_allows_tracked_retry ... ok
test beads_crate::issue_reads_tests::acceptance::s7_structural_edits_advance_hygiene_without_summary_payload_loads ... ok
test beads_crate::issue_reads_tests::acceptance::s7_unchanged_validated_revision_does_not_query_deltas ... ok
test beads_crate::issue_reads_tests::issue_reads_commit_during_load_leaves_snapshot_dirty ... ok
test beads_crate::issue_changes::tests::ignored_and_failed_conflicts_preserve_rows_and_complete_feed ... ok
test beads_crate::issue_reads_tests::acceptance::s7_unchanged_requests_do_not_revalidate_ddl_or_reserialize_payload ... ok
test beads_crate::issue_reads_tests::issue_reads_identical_concurrent_requests_coalesce ... ok
test beads_crate::issue_reads_tests::issue_reads_database_replacement_rebinds_cached_and_direct_paths ... ok
test beads_crate::issue_reads_tests::issue_reads_old_and_new_membership_and_order_match_sql ... ok
test beads_crate::issue_reads_tests::issue_reads_ordinary_adapter_comment_is_summary_unrelated ... ok
test beads_crate::issue_reads_tests::issue_reads_gap_and_schema_change_reseed ... ok
test beads_crate::issue_reads_tests::issue_reads_over_budget_bypass_is_counted_on_each_request ... ok
S5 delta size=12 work=IssueReadWork { full_builds: 1, delta_refreshes: 1, reuses: 0, direct_reads: 0, over_budget_bypasses: 0, unsupported_order_bypasses: 0, candidate_ids: 1, issue_rows: 7, label_rows: 7, races: 0, connection_opens: 1, retained_bytes: 1858, budget_bytes: 2048000, subscriptions: 1 }
S5 unchanged size=12 work=IssueReadWork { full_builds: 1, delta_refreshes: 0, reuses: 1, direct_reads: 0, over_budget_bypasses: 0, unsupported_order_bypasses: 0, candidate_ids: 0, issue_rows: 6, label_rows: 6, races: 0, connection_opens: 1, retained_bytes: 1859, budget_bytes: 2048000, subscriptions: 1 }
test beads_crate::issue_reads_tests::issue_reads_pages_and_since_keep_sql_boundaries ... ok
test beads_crate::issue_reads_tests::issue_reads_unrelated_edit_and_adapter_comment_load_no_payload ... ok
test beads_crate::issue_reads_tests::issue_reads_retention_obeys_database_budget_and_reader_width ... ok
test beads_crate::issue_reads_tests::issue_reads_unsupported_order_bypass_is_counted_on_each_request ... ok
watermark/delta work size=300: ((1, 54, 0, 0), (0, 16, 0, 1)) (rows, vm, fullscan, sorts)
test beads_crate::issue_changes::tests::lost_or_corrupt_tracking_forces_reseed_and_recovers ... ok
test beads_crate::issue_reads_tests::issue_reads_validation_gap_discards_and_retries ... ok
test beads_crate::issue_reads_tests::issue_reads_validation_generation_reset_discards_and_retries ... ok
test beads_crate::issue_reads_tests::issue_reads_validation_replacement_discards_and_rebinds ... ok
test beads_crate::issue_tracker::tests::add_dependency_links_two_issues ... ok
test beads_crate::issue_tracker::tests::combined_label_comment_update_rolls_back_after_comment_failure ... ok
test beads_crate::issue_reads_tests::issue_reads_validation_schema_reset_discards_and_retries ... ok
test beads_crate::issue_tracker::tests::combined_status_label_comment_update_rolls_back_after_comment_failure ... ok
test beads_crate::issue_tracker::tests::create_issue_is_idempotent_for_existing_external_ref ... ok
test beads_crate::issue_tracker::tests::atomic_multi_issue_update_rolls_back_late_failure_and_retries_idempotently ... ok
test beads_crate::issue_tracker::tests::create_issue_round_trips_provenance_fields ... ok
test beads_crate::issue_tracker::tests::create_issue_retries_on_id_collision_from_storage ... ok
test beads_crate::issue_tracker::tests::create_issue_round_trips_via_get_issue ... ok
test beads_crate::issue_tracker::tests::create_issue_uses_checked_id_lookup ... ok
test beads_crate::issue_tracker::tests::get_issue_returns_seeded_issue ... ok
test beads_crate::issue_tracker::tests::list_issues_applies_offset_after_fetching_limit_window ... ok
test beads_crate::issue_reads_tests::issue_reads_validation_error_propagates_and_retry_reseeds ... ok
test beads_crate::issue_tracker::tests::list_observability_keeps_ancestry_shape_and_stage_work ... ok
test beads_crate::issue_tracker::tests::list_issues_include_closed_excludes_tombstones ... ok
test beads_crate::issue_tracker::tests::list_issues_returns_seeded_data ... ok
test beads_crate::issue_tracker::tests::list_observability_reports_label_failure_after_sql_work ... ok
test beads_crate::issue_tracker::tests::list_observability_without_parent_has_stable_value_free_shape ... ok
test beads_crate::issue_tracker::tests::list_observability_reports_sql_error_without_exposing_error_text ... ok
test beads_crate::issue_tracker::tests::poll_emits_created_then_quiesces ... ok
test github::tests::paginate_issue_summaries_applies_offset ... ok
test github::tests::paginate_issue_summaries_caps_length_after_offset ... ok
test github::tests::paginate_issue_summaries_without_offset_preserves_first_page ... ok
test graph_engine::incremental::tests::replace_conflict_records_the_deleted_issue_even_without_recursive_triggers ... ok
test ingest::github::mapping::tests::issue_create_sets_provenance_and_labels ... ok
test service::tests::issue_filter_with_offset_flows_through_service_surface ... ok
test types::tests::issue_filter_offset_defaults_to_none ... ok
test beads_crate::issue_tracker::tests::poll_does_not_advance_cursor_on_limit_saturation ... ok
test beads_crate::issue_tracker::tests::update_issue_can_set_and_clear_external_ref ... ok
test beads_crate::issue_tracker::tests::saturated_first_poll_keeps_cursor_unset_until_backlog_drains ... ok
test beads_crate::issue_tracker::tests::update_issue_changes_status_and_labels ... ok
S5 delta size=1200 work=IssueReadWork { full_builds: 1, delta_refreshes: 1, reuses: 0, direct_reads: 0, over_budget_bypasses: 0, unsupported_order_bypasses: 0, candidate_ids: 1, issue_rows: 601, label_rows: 601, races: 0, connection_opens: 1, retained_bytes: 149228, budget_bytes: 2048000, subscriptions: 1 }
test beads_crate::issue_reads_tests::issue_reads_relevant_delta_loads_only_affected_payload ... ok
S5 unchanged size=1200 work=IssueReadWork { full_builds: 1, delta_refreshes: 0, reuses: 1, direct_reads: 0, over_budget_bypasses: 0, unsupported_order_bypasses: 0, candidate_ids: 0, issue_rows: 600, label_rows: 600, races: 0, connection_opens: 1, retained_bytes: 149229, budget_bytes: 2048000, subscriptions: 1 }
test beads_crate::issue_reads_tests::issue_reads_unchanged_work_is_zero_at_different_sizes ... ok
test beads_crate::issue_changes::tests::unchanged_validation_and_delta_work_do_not_scale_with_issue_rows ... ok

test result: ok. 78 passed; 0 failed; 2 ignored; 0 measured; 221 filtered out; finished in 6.66s

watermark/delta work size=3000: ((1, 54, 0, 0), (0, 16, 0, 1)) (rows, vm, fullscan, sorts)

--- sccache stats (spur/worktrees/6e49c414-0c7c-43e6-ae12-230c2e47e4c0) ---
Compile requests                    3543
Compile requests executed           2813
Cache hits                          1673
Cache hits (Assembler)                56
Cache hits (C/C++)                   508
Cache hits (Rust)                   1109
Cache misses                        1124
Cache misses (C/C++)                 242
Cache misses (Rust)                  882
Cache hits rate                    59.81 %
Cache hits rate (Assembler)       100.00 %
Cache hits rate (C/C++)            67.73 %
Cache hits rate (Rust)             55.70 %
Cache timeouts                         0
Cache read errors                      0
Forced recaches                        0
Cache write errors                     0
Cache errors                           0
Compilations                        1124
Compilation failures                  16
[build] Done. target lives at i-035f3692d8c17df4a:/mnt/cargo/targets/spur/worktrees/6e49c414-0c7c-43e6-ae12-230c2e47e4c0 — use scripts/cloud-build/fetch.sh to pull artifacts.
[build] Remote build queue: released ticket 00000000000000000194.

EXIT_STATUS 0
