[spur-cargo] remote (clippy) → aws-my VM
[build] Worktree: spur/worktrees/31019281-808d-4c96-a210-dfece14d8993  (local=/Volumes/Projects/spur/.spur/worktrees/31019281-808d-4c96-a210-dfece14d8993)
[build] Remote:   ~/spur/worktrees/31019281-808d-4c96-a210-dfece14d8993   target=/mnt/cargo/targets/spur/worktrees/31019281-808d-4c96-a210-dfece14d8993   -j8
[build] Remote build queue: admitted as ticket 146 (slot 1/3) on spur-builder (2 slot(s)/builder, 3 builder(s)).
[build] SSH transport: SSH-over-SSM (instance i-035f3692d8c17df4a)
[build] Waiting for SSH-over-SSM on i-035f3692d8c17df4a...
[build] Waiting for startup-script to finish (golden AMI ≈1-2 min; base AMI cold path ≈10 min)...
startup-script complete
[build] Refreshing remote disk watchdog...
[build] Enumerating workspace files (tracked + non-ignored untracked)...
[build]   3560 files to sync
[build] Syncing to i-035f3692d8c17df4a:~/spur/worktrees/31019281-808d-4c96-a210-dfece14d8993 ...
[build] Re-stamping 2 synced path(s) to VM clock...
[build] Reconciling remote workspace (pruning locally-deleted files)...
[prune] no files removed locally since last sync
[build] Configuring remote git auth for private getspur/SpurCode deps...
[build] Running: cargo --config build.rustflags=\[\"-Ctarget-cpu=neoverse-v2\"\,\"-Ctarget-feature=+lse\"\,\"-Clinker=clang\"\,\"-Clink-arg=-fuse-ld=/mnt/cargo/rust-lld-driver/ld.lld\"\] clippy -p spur-pm --lib -- -D warnings  -j8  provider-rustflags=-Ctarget-cpu=neoverse-v2 -Ctarget-feature=+lse -Clinker=clang -Clink-arg=-fuse-ld=/mnt/cargo/rust-lld-driver/ld.lld
[build] Disk preflight: cargo free=139G used=67% root free=3G used=98% — running spur-disk-watchdog
[build]   root disk at 98% free=3G — reclaiming root caches/source
[build]     ROOT CRITICAL — dropping leftover root ~/.cache/ort + old duckdb extensions
[build]   /dev/nvme0n1p1   99G   92G  2.4G  98% /
[build]   Filesystem      Size  Used Avail Use% Mounted on
[build]   /dev/nvme1n1    434G  273G  139G  67% /mnt/cargo
[build]   /dev/nvme0n1p1   99G   92G  2.4G  98% /
[build] ensuring pinned toolchain (serialized)
    Checking spur-pm v1.24.0 (/home/admin/spur/worktrees/31019281-808d-4c96-a210-dfece14d8993/crates/spur-pm)
    Finished `dev` profile [unoptimized + debuginfo] target(s) in 3.80s

--- sccache stats (spur/worktrees/31019281-808d-4c96-a210-dfece14d8993) ---
Compile requests                    1396
Compile requests executed           1134
Cache hits                           835
Cache hits (Assembler)                22
Cache hits (C/C++)                    36
Cache hits (Rust)                    777
Cache misses                         289
Cache misses (C/C++)                  96
Cache misses (Rust)                  193
Cache hits rate                    74.29 %
Cache hits rate (Assembler)       100.00 %
Cache hits rate (C/C++)            27.27 %
Cache hits rate (Rust)             80.10 %
Cache timeouts                         0
Cache read errors                      0
Forced recaches                        0
Cache write errors                     0
Cache errors                           0
Compilations                         289
Compilation failures                  10
[build] Done. target lives at i-035f3692d8c17df4a:/mnt/cargo/targets/spur/worktrees/31019281-808d-4c96-a210-dfece14d8993 — use scripts/cloud-build/fetch.sh to pull artifacts.
[build] Remote build queue: released ticket 00000000000000000146.
