[spur-cargo] remote (test) → aws-my VM
[build] Worktree: spur/worktrees/4dc78d37-1e4d-43e5-8b37-443f4a6fbab3  (local=/Volumes/Projects/spur/.spur/worktrees/4dc78d37-1e4d-43e5-8b37-443f4a6fbab3)
[build] Remote:   ~/spur/worktrees/4dc78d37-1e4d-43e5-8b37-443f4a6fbab3   target=/mnt/cargo/targets/spur/worktrees/4dc78d37-1e4d-43e5-8b37-443f4a6fbab3   -j8
[build] Remote build queue: admitted as ticket 148 (slot 1/3) on spur-builder (2 slot(s)/builder, 3 builder(s)).
[build] SSH transport: SSH-over-SSM (instance i-035f3692d8c17df4a)
[build] Waiting for SSH-over-SSM on i-035f3692d8c17df4a...
[build] Waiting for startup-script to finish (golden AMI ≈1-2 min; base AMI cold path ≈10 min)...
startup-script complete
[build] Refreshing remote disk watchdog...
[build] Enumerating workspace files (tracked + non-ignored untracked)...
[build]   3562 files to sync
[build] Syncing to i-035f3692d8c17df4a:~/spur/worktrees/4dc78d37-1e4d-43e5-8b37-443f4a6fbab3 ...
[build] Re-stamping 1 synced path(s) to VM clock...
[build] Reconciling remote workspace (pruning locally-deleted files)...
[prune] no files removed locally since last sync
[build] Configuring remote git auth for private getspur/SpurCode deps...
[build] Running: cargo --config build.rustflags=\[\"-Ctarget-cpu=neoverse-v2\"\,\"-Ctarget-feature=+lse\"\,\"-Clinker=clang\"\,\"-Clink-arg=-fuse-ld=/mnt/cargo/rust-lld-driver/ld.lld\"\] test -p spur-pm --lib issue_changes::tests -- --nocapture  -j8  provider-rustflags=-Ctarget-cpu=neoverse-v2 -Ctarget-feature=+lse -Clinker=clang -Clink-arg=-fuse-ld=/mnt/cargo/rust-lld-driver/ld.lld
[build] Disk preflight: cargo free=137G used=67% root free=3G used=98% — running spur-disk-watchdog
[build]   root disk at 98% free=3G — reclaiming root caches/source
[build]     ROOT CRITICAL — dropping leftover root ~/.cache/ort + old duckdb extensions
[build]   /dev/nvme0n1p1   99G   92G  2.4G  98% /
[build]   Filesystem      Size  Used Avail Use% Mounted on
[build]   /dev/nvme1n1    434G  275G  137G  67% /mnt/cargo
[build]   /dev/nvme0n1p1   99G   92G  2.4G  98% /
[build] ensuring pinned toolchain (serialized)
   Compiling spur-pm v1.24.0 (/home/admin/spur/worktrees/4dc78d37-1e4d-43e5-8b37-443f4a6fbab3/crates/spur-pm)
    Finished `test` profile [unoptimized + debuginfo] target(s) in 6.51s
     Running unittests src/lib.rs (/mnt/cargo/targets/spur/worktrees/4dc78d37-1e4d-43e5-8b37-443f4a6fbab3/debug/deps/spur_pm-e546af2f83fe7a11)

running 13 tests

thread 'beads_crate::issue_changes::tests::comment_replace_records_old_owner_even_when_delete_triggers_are_disabled' (2898704) panicked at crates/spur-pm/src/beads_crate/issue_changes_tests.rs:27:5:
assertion `left == right` failed
  left: {}
 right: {"a", "b", "c"}
note: run with `RUST_BACKTRACE=1` environment variable to display a backtrace

thread 'beads_crate::issue_changes::tests::comment_and_audit_mutations_are_separate_from_summaries' (2898703) panicked at crates/spur-pm/src/beads_crate/issue_changes_tests.rs:27:5:
assertion `left == right` failed
  left: {}
 right: {"a"}
test beads_crate::issue_changes::tests::comment_replace_records_old_owner_even_when_delete_triggers_are_disabled ... FAILED
test beads_crate::issue_changes::tests::comment_and_audit_mutations_are_separate_from_summaries ... FAILED

thread 'beads_crate::issue_changes::tests::external_description_edit_with_fixed_timestamp_and_hash_is_visible' (2898707) panicked at crates/spur-pm/src/beads_crate/issue_changes_tests.rs:47:5:
description-only external writes must advance the issue watermark

thread 'beads_crate::issue_changes::tests::every_summary_filter_order_field_is_tracked_and_other_issue_fields_reach_hygiene' (2898706) panicked at crates/spur-pm/src/beads_crate/issue_changes_tests.rs:27:5:
assertion `left == right` failed
  left: {}
 right: {"a"}
test beads_crate::issue_changes::tests::external_description_edit_with_fixed_timestamp_and_hash_is_visible ... FAILED
test beads_crate::issue_changes::tests::dependency_edits_noops_and_rollbacks_do_not_advance_the_feed ... ok
test beads_crate::issue_changes::tests::every_summary_filter_order_field_is_tracked_and_other_issue_fields_reach_hygiene ... FAILED
test beads_crate::issue_changes::tests::insert_tombstone_delete_and_id_change_retain_deletion_evidence ... FAILED
test beads_crate::issue_changes::tests::coalescing_retains_older_domain_changes_for_lagging_independent_readers ... FAILED
test beads_crate::issue_changes::tests::adapter_installs_feed_before_external_mutations ... FAILED

thread 'beads_crate::issue_changes::tests::insert_tombstone_delete_and_id_change_retain_deletion_evidence' (2898708) panicked at crates/spur-pm/src/beads_crate/issue_changes_tests.rs:27:5:
assertion `left == right` failed
  left: {}
 right: {"a", "b", "c", "new", "renamed"}

thread 'beads_crate::issue_changes::tests::coalescing_retains_older_domain_changes_for_lagging_independent_readers' (2898702) panicked at crates/spur-pm/src/beads_crate/issue_changes_tests.rs:27:5:
assertion `left == right` failed
  left: {}
 right: {"a", "b"}

thread 'beads_crate::issue_changes::tests::adapter_installs_feed_before_external_mutations' (2898701) panicked at crates/spur-pm/src/beads_crate/issue_changes_tests.rs:313:5:
adapter open must install the durable feed before returning

thread 'beads_crate::issue_changes::tests::lost_or_corrupt_tracking_forces_reseed_and_recovers' (2898722) panicked at crates/spur-pm/src/beads_crate/issue_changes_tests.rs:243:9:
recovery requires the durable journal to be installed
test beads_crate::issue_changes::tests::lost_or_corrupt_tracking_forces_reseed_and_recovers ... FAILED
test beads_crate::issue_changes::tests::label_add_remove_rename_and_reparent_report_both_ids ... FAILED

thread 'beads_crate::issue_changes::tests::label_add_remove_rename_and_reparent_report_both_ids' (2898721) panicked at crates/spur-pm/src/beads_crate/issue_changes_tests.rs:27:5:
assertion `left == right` failed
  left: {}
 right: {"a"}

thread 'beads_crate::issue_changes::tests::reconnect_preserves_cursor_and_database_replacement_requires_reseed' (2898723) panicked at crates/spur-pm/src/beads_crate/issue_changes_tests.rs:27:5:
assertion `left == right` failed
  left: {}
 right: {"a"}

thread 'beads_crate::issue_changes::tests::watermark_delta_and_loaded_rows_share_one_snapshot' (2898728) panicked at crates/spur-pm/src/beads_crate/issue_changes_tests.rs:261:13:
assertion failed: b.cursor.revision > before.revision
test beads_crate::issue_changes::tests::reconnect_preserves_cursor_and_database_replacement_requires_reseed ... FAILED
test beads_crate::issue_changes::tests::watermark_delta_and_loaded_rows_share_one_snapshot ... FAILED
test beads_crate::issue_changes::tests::replace_insert_and_update_include_external_ref_victims_without_recursive_triggers ... FAILED

failures:

failures:
    beads_crate::issue_changes::tests::adapter_installs_feed_before_external_mutations
    beads_crate::issue_changes::tests::coalescing_retains_older_domain_changes_for_lagging_independent_readers
    beads_crate::issue_changes::tests::comment_and_audit_mutations_are_separate_from_summaries
    beads_crate::issue_changes::tests::comment_replace_records_old_owner_even_when_delete_triggers_are_disabled
    beads_crate::issue_changes::tests::every_summary_filter_order_field_is_tracked_and_other_issue_fields_reach_hygiene

thread 'beads_crate::issue_changes::tests::replace_insert_and_update_include_external_ref_victims_without_recursive_triggers' (2898726) panicked at crates/spur-pm/src/beads_crate/issue_changes_tests.rs:27:5:
assertion `left == right` failed
  left: {}
 right: {"a", "replacement"}
    beads_crate::issue_changes::tests::external_description_edit_with_fixed_timestamp_and_hash_is_visible
    beads_crate::issue_changes::tests::insert_tombstone_delete_and_id_change_retain_deletion_evidence
    beads_crate::issue_changes::tests::label_add_remove_rename_and_reparent_report_both_ids
    beads_crate::issue_changes::tests::lost_or_corrupt_tracking_forces_reseed_and_recovers
    beads_crate::issue_changes::tests::reconnect_preserves_cursor_and_database_replacement_requires_reseed
    beads_crate::issue_changes::tests::replace_insert_and_update_include_external_ref_victims_without_recursive_triggers
    beads_crate::issue_changes::tests::watermark_delta_and_loaded_rows_share_one_snapshot

test result: FAILED. 1 passed; 12 failed; 0 ignored; 0 measured; 245 filtered out; finished in 0.07s

error: test failed, to rerun pass `-p spur-pm --lib`
[build] Remote build queue: released ticket 00000000000000000148.
[spur-cargo] remote cargo exited 101 on aws-my — propagating (not a VM-availability issue)
