COMMAND ['scripts/spur-cargo', 'test', '--release', '-p', 'spur-pm', 's7_request_benchmark', '--lib', '--', '--ignored', '--nocapture', '--test-threads=1']
[spur-cargo] remote (test) → aws-my VM
[build] Worktree: spur/worktrees/6e49c414-0c7c-43e6-ae12-230c2e47e4c0  (local=/Volumes/Projects/spur/.spur/worktrees/6e49c414-0c7c-43e6-ae12-230c2e47e4c0)
[build] Remote:   ~/spur/worktrees/6e49c414-0c7c-43e6-ae12-230c2e47e4c0   target=/mnt/cargo/targets/spur/worktrees/6e49c414-0c7c-43e6-ae12-230c2e47e4c0   -j8
[build] Remote build queue: admitted as ticket 195 (slot 1/3) on spur-builder (2 slot(s)/builder, 3 builder(s)).
[build] SSH transport: SSH-over-SSM (instance i-035f3692d8c17df4a)
[build] Waiting for SSH-over-SSM on i-035f3692d8c17df4a...
[build] Waiting for startup-script to finish (golden AMI ≈1-2 min; base AMI cold path ≈10 min)...
startup-script complete
[build] Refreshing remote disk watchdog...
[build] Enumerating workspace files (tracked + non-ignored untracked)...
[build]   3569 files to sync
[build] Syncing to i-035f3692d8c17df4a:~/spur/worktrees/6e49c414-0c7c-43e6-ae12-230c2e47e4c0 ...
[build] Reconciling remote workspace (pruning locally-deleted files)...
[prune] no files removed locally since last sync
[build] Configuring remote git auth for private getspur/SpurCode deps...
[build] Running: cargo --config build.rustflags=\[\"-Ctarget-cpu=neoverse-v2\"\,\"-Ctarget-feature=+lse\"\,\"-Clinker=clang\"\,\"-Clink-arg=-fuse-ld=/mnt/cargo/rust-lld-driver/ld.lld\"\] test --release -p spur-pm s7_request_benchmark --lib -- --ignored --nocapture --test-threads=1  -j8  provider-rustflags=-Ctarget-cpu=neoverse-v2 -Ctarget-feature=+lse -Clinker=clang -Clink-arg=-fuse-ld=/mnt/cargo/rust-lld-driver/ld.lld
[build] Disk preflight: cargo free=141G used=66% root free=3G used=98% — running spur-disk-watchdog
[build]   root disk at 98% free=3G — reclaiming root caches/source
[build]     ROOT CRITICAL — dropping leftover root ~/.cache/ort + old duckdb extensions
[build]   /dev/nvme0n1p1   99G   92G  2.4G  98% /
[build]   Filesystem      Size  Used Avail Use% Mounted on
[build]   /dev/nvme1n1    434G  271G  141G  66% /mnt/cargo
[build]   /dev/nvme0n1p1   99G   92G  2.4G  98% /
[build] No source content delta; capturing cargo output on VM (set SPUR_CAPTURE_FRESH_CARGO_OUTPUT=0 to stream).
[build] ensuring pinned toolchain (serialized)
S7_JSON {"kind":"request","size":2331,"shape":"all_non_template","round":18,"reuse":true,"ns":17851678,"output_bytes":4236152}
S7_JSON {"kind":"request","size":2331,"shape":"all_non_template","round":19,"reuse":true,"ns":17149161,"output_bytes":4236152}
S7_JSON {"kind":"request","size":2331,"shape":"all_non_template","round":19,"reuse":false,"ns":12388165,"output_bytes":4236152}
S7_JSON {"kind":"request","size":2331,"shape":"all_non_template","round":20,"reuse":false,"ns":12669468,"output_bytes":4236152}
S7_JSON {"kind":"request","size":2331,"shape":"all_non_template","round":20,"reuse":true,"ns":18151562,"output_bytes":4236152}
S7_JSON {"kind":"request","size":2331,"shape":"all_non_template","round":21,"reuse":true,"ns":16916878,"output_bytes":4236152}
S7_JSON {"kind":"request","size":2331,"shape":"all_non_template","round":21,"reuse":false,"ns":12428195,"output_bytes":4236152}
S7_JSON {"kind":"request","size":2331,"shape":"all_non_template","round":22,"reuse":false,"ns":12800609,"output_bytes":4236152}
S7_JSON {"kind":"request","size":2331,"shape":"all_non_template","round":22,"reuse":true,"ns":17963806,"output_bytes":4236152}
S7_JSON {"kind":"request","size":2331,"shape":"all_non_template","round":23,"reuse":true,"ns":16994608,"output_bytes":4236152}
S7_JSON {"kind":"request","size":2331,"shape":"all_non_template","round":23,"reuse":false,"ns":12382788,"output_bytes":4236152}
S7_JSON {"kind":"request","size":2331,"shape":"all_non_template","round":24,"reuse":false,"ns":12683602,"output_bytes":4236152}
S7_JSON {"kind":"request","size":2331,"shape":"all_non_template","round":24,"reuse":true,"ns":17926529,"output_bytes":4236152}
S7_JSON {"kind":"request","size":2331,"shape":"all_non_template","round":25,"reuse":true,"ns":17105992,"output_bytes":4236152}
S7_JSON {"kind":"request","size":2331,"shape":"all_non_template","round":25,"reuse":false,"ns":12360000,"output_bytes":4236152}
S7_JSON {"kind":"request","size":2331,"shape":"all_non_template","round":26,"reuse":false,"ns":12845635,"output_bytes":4236152}
S7_JSON {"kind":"request","size":2331,"shape":"all_non_template","round":26,"reuse":true,"ns":17894143,"output_bytes":4236152}
S7_JSON {"kind":"request","size":2331,"shape":"all_non_template","round":27,"reuse":true,"ns":17122085,"output_bytes":4236152}
S7_JSON {"kind":"request","size":2331,"shape":"all_non_template","round":27,"reuse":false,"ns":12459260,"output_bytes":4236152}
S7_JSON {"kind":"request","size":2331,"shape":"all_non_template","round":28,"reuse":false,"ns":12705201,"output_bytes":4236152}
S7_JSON {"kind":"request","size":2331,"shape":"all_non_template","round":28,"reuse":true,"ns":18131294,"output_bytes":4236152}
S7_JSON {"kind":"request","size":2331,"shape":"all_non_template","round":29,"reuse":true,"ns":17051572,"output_bytes":4236152}
S7_JSON {"kind":"request","size":2331,"shape":"all_non_template","round":29,"reuse":false,"ns":12505838,"output_bytes":4236152}
S7_JSON {"kind":"request","size":2331,"shape":"all_non_template","round":30,"reuse":false,"ns":12688386,"output_bytes":4236152}
S7_JSON {"kind":"request","size":2331,"shape":"all_non_template","round":30,"reuse":true,"ns":17918280,"output_bytes":4236152}
S7_JSON {"kind":"work","size":2331,"shape":"all_non_template","rows":2331,"labels":9674,"retained_bytes":571964,"budget_bytes":2048000,"subscriptions":1,"full_builds":31,"issue_rows":72261,"label_rows":299894,"reuses":0,"over_budget_bypasses":31}
ok

test result: ok. 1 passed; 0 failed; 0 ignored; 0 measured; 300 filtered out; finished in 3.25s


--- sccache stats (spur/worktrees/6e49c414-0c7c-43e6-ae12-230c2e47e4c0) ---
Compile requests                    3544
Compile requests executed           2813
Cache hits                          1673
Cache hits (Assembler)                56
Cache hits (C/C++)                   508
Cache hits (Rust)                   1109
Cache misses                        1124
Cache misses (C/C++)                 242
Cache misses (Rust)                  882
Cache hits rate                    59.81 %
Cache hits rate (Assembler)       100.00 %
Cache hits rate (C/C++)            67.73 %
Cache hits rate (Rust)             55.70 %
Cache timeouts                         0
Cache read errors                      0
Forced recaches                        0
Cache write errors                     0
Cache errors                           0
Compilations                        1124
Compilation failures                  16
[build] Done. target lives at i-035f3692d8c17df4a:/mnt/cargo/targets/spur/worktrees/6e49c414-0c7c-43e6-ae12-230c2e47e4c0 — use scripts/cloud-build/fetch.sh to pull artifacts.
[build] Remote build queue: released ticket 00000000000000000195.

EXIT_STATUS 0
