COMMAND ['scripts/spur-cargo', 'test', '--release', '-p', 'spur-pm', 's7_request_benchmark', '--lib', '--', '--ignored', '--nocapture', '--test-threads=1']
[spur-cargo] remote (test) → aws-my VM
[build] Worktree: spur/worktrees/6e49c414-0c7c-43e6-ae12-230c2e47e4c0  (local=/Volumes/Projects/spur/.spur/worktrees/6e49c414-0c7c-43e6-ae12-230c2e47e4c0)
[build] Remote:   ~/spur/worktrees/6e49c414-0c7c-43e6-ae12-230c2e47e4c0   target=/mnt/cargo/targets/spur/worktrees/6e49c414-0c7c-43e6-ae12-230c2e47e4c0   -j8
[build] Remote build queue: admitted as ticket 192 (slot 1/3) on spur-builder (2 slot(s)/builder, 3 builder(s)).
[build] SSH transport: SSH-over-SSM (instance i-035f3692d8c17df4a)
[build] Waiting for SSH-over-SSM on i-035f3692d8c17df4a...
[build] Waiting for startup-script to finish (golden AMI ≈1-2 min; base AMI cold path ≈10 min)...
startup-script complete
[build] Refreshing remote disk watchdog...
[build] Enumerating workspace files (tracked + non-ignored untracked)...
[build]   3569 files to sync
[build] Syncing to i-035f3692d8c17df4a:~/spur/worktrees/6e49c414-0c7c-43e6-ae12-230c2e47e4c0 ...
[build] Re-stamping 1 synced path(s) to VM clock...
[build] Reconciling remote workspace (pruning locally-deleted files)...
[prune] no files removed locally since last sync
[build] Configuring remote git auth for private getspur/SpurCode deps...
[build] Running: cargo --config build.rustflags=\[\"-Ctarget-cpu=neoverse-v2\"\,\"-Ctarget-feature=+lse\"\,\"-Clinker=clang\"\,\"-Clink-arg=-fuse-ld=/mnt/cargo/rust-lld-driver/ld.lld\"\] test --release -p spur-pm s7_request_benchmark --lib -- --ignored --nocapture --test-threads=1  -j8  provider-rustflags=-Ctarget-cpu=neoverse-v2 -Ctarget-feature=+lse -Clinker=clang -Clink-arg=-fuse-ld=/mnt/cargo/rust-lld-driver/ld.lld
[build] Disk preflight: cargo free=141G used=66% root free=3G used=98% — running spur-disk-watchdog
[build]   root disk at 98% free=3G — reclaiming root caches/source
[build]     ROOT CRITICAL — dropping leftover root ~/.cache/ort + old duckdb extensions
[build]   /dev/nvme0n1p1   99G   92G  2.4G  98% /
[build]   Filesystem      Size  Used Avail Use% Mounted on
[build]   /dev/nvme1n1    434G  271G  141G  66% /mnt/cargo
[build]   /dev/nvme0n1p1   99G   92G  2.4G  98% /
[build] ensuring pinned toolchain (serialized)
   Compiling spur-pm v1.24.0 (/home/admin/spur/worktrees/6e49c414-0c7c-43e6-ae12-230c2e47e4c0/crates/spur-pm)
    Finished `release` profile [optimized] target(s) in 13.27s
     Running unittests src/lib.rs (/mnt/cargo/targets/spur/worktrees/6e49c414-0c7c-43e6-ae12-230c2e47e4c0/release/deps/spur_pm-e244fb8f0394228b)

running 1 test
test beads_crate::issue_reads_tests::acceptance::s7_request_benchmark ... S7_JSON {"kind":"environment","profile":"release","sqlite":"3.51.3","arch":"aarch64","os":"linux","rustc":"rustc 1.94.1 (e408947bf 2026-03-25)\nbinary: rustc\ncommit-hash: e408947bfd200af42db322daf0fadfe7e26d3bd1\ncommit-date: 2026-03-25\nhost: aarch64-unknown-linux-gnu\nrelease: 1.94.1\nLLVM version: 21.1.8\n","machine":"Linux ip-172-31-5-184 6.1.0-53-cloud-arm64 #1 SMP Debian 6.1.187-1 (2026-09-07) aarch64 GNU/Linux\n","warmup":5,"repetitions":31,"boundary":"async reader queue through Vec<IssueSummary> and common JSON output serialization; direct baseline independent of feed"}
S7_JSON {"kind":"request","size":12,"shape":"open_unpaginated","round":0,"reuse":false,"ns":65267,"output_bytes":8182}
S7_JSON {"kind":"request","size":12,"shape":"open_unpaginated","round":0,"reuse":true,"ns":107181,"output_bytes":8182}
S7_JSON {"kind":"request","size":12,"shape":"open_unpaginated","round":1,"reuse":true,"ns":176024,"output_bytes":8182}
S7_JSON {"kind":"request","size":12,"shape":"open_unpaginated","round":1,"reuse":false,"ns":1272697,"output_bytes":8182}
S7_JSON {"kind":"request","size":12,"shape":"open_unpaginated","round":2,"reuse":false,"ns":63266,"output_bytes":8182}
S7_JSON {"kind":"request","size":12,"shape":"open_unpaginated","round":2,"reuse":true,"ns":89653,"output_bytes":8182}
S7_JSON {"kind":"request","size":12,"shape":"open_unpaginated","round":3,"reuse":true,"ns":114781,"output_bytes":8182}
S7_JSON {"kind":"request","size":12,"shape":"open_unpaginated","round":3,"reuse":false,"ns":71195,"output_bytes":8182}
S7_JSON {"kind":"request","size":12,"shape":"open_unpaginated","round":4,"reuse":false,"ns":57830,"output_bytes":8182}
S7_JSON {"kind":"request","size":12,"shape":"open_unpaginated","round":4,"reuse":true,"ns":84946,"output_bytes":8182}
S7_JSON {"kind":"request","size":12,"shape":"open_unpaginated","round":5,"reuse":true,"ns":94137,"output_bytes":8182}
S7_JSON {"kind":"request","size":12,"shape":"open_unpaginated","round":5,"reuse":false,"ns":61342,"output_bytes":8182}
S7_JSON {"kind":"request","size":12,"shape":"open_unpaginated","round":6,"reuse":false,"ns":56603,"output_bytes":8182}
S7_JSON {"kind":"request","size":12,"shape":"open_unpaginated","round":6,"reuse":true,"ns":84243,"output_bytes":8182}
S7_JSON {"kind":"request","size":12,"shape":"open_unpaginated","round":7,"reuse":true,"ns":100733,"output_bytes":8182}
S7_JSON {"kind":"request","size":12,"shape":"open_unpaginated","round":7,"reuse":false,"ns":75217,"output_bytes":8182}
S7_JSON {"kind":"request","size":12,"shape":"open_unpaginated","round":8,"reuse":false,"ns":55950,"output_bytes":8182}
S7_JSON {"kind":"request","size":12,"shape":"open_unpaginated","round":8,"reuse":true,"ns":84862,"output_bytes":8182}
S7_JSON {"kind":"request","size":12,"shape":"open_unpaginated","round":9,"reuse":true,"ns":109317,"output_bytes":8182}
S7_JSON {"kind":"request","size":12,"shape":"open_unpaginated","round":9,"reuse":false,"ns":74573,"output_bytes":8182}
S7_JSON {"kind":"request","size":12,"shape":"open_unpaginated","round":10,"reuse":false,"ns":55447,"output_bytes":8182}
S7_JSON {"kind":"request","size":12,"shape":"open_unpaginated","round":10,"reuse":true,"ns":85178,"output_bytes":8182}
S7_JSON {"kind":"request","size":12,"shape":"open_unpaginated","round":11,"reuse":true,"ns":90448,"output_bytes":8182}
S7_JSON {"kind":"request","size":12,"shape":"open_unpaginated","round":11,"reuse":false,"ns":60669,"output_bytes":8182}
S7_JSON {"kind":"request","size":12,"shape":"open_unpaginated","round":12,"reuse":false,"ns":54432,"output_bytes":8182}
S7_JSON {"kind":"request","size":12,"shape":"open_unpaginated","round":12,"reuse":true,"ns":83060,"output_bytes":8182}
S7_JSON {"kind":"request","size":12,"shape":"open_unpaginated","round":13,"reuse":true,"ns":86818,"output_bytes":8182}
S7_JSON {"kind":"request","size":12,"shape":"open_unpaginated","round":13,"reuse":false,"ns":57476,"output_bytes":8182}
S7_JSON {"kind":"request","size":12,"shape":"open_unpaginated","round":14,"reuse":false,"ns":59839,"output_bytes":8182}
S7_JSON {"kind":"request","size":12,"shape":"open_unpaginated","round":14,"reuse":true,"ns":84326,"output_bytes":8182}
S7_JSON {"kind":"request","size":12,"shape":"open_unpaginated","round":15,"reuse":true,"ns":85488,"output_bytes":8182}
S7_JSON {"kind":"request","size":12,"shape":"open_unpaginated","round":15,"reuse":false,"ns":70637,"output_bytes":8182}
S7_JSON {"kind":"request","size":12,"shape":"open_unpaginated","round":16,"reuse":false,"ns":59017,"output_bytes":8182}
S7_JSON {"kind":"request","size":12,"shape":"open_unpaginated","round":16,"reuse":true,"ns":83213,"output_bytes":8182}
S7_JSON {"kind":"request","size":12,"shape":"open_unpaginated","round":17,"reuse":true,"ns":98635,"output_bytes":8182}
S7_JSON {"kind":"request","size":12,"shape":"open_unpaginated","round":17,"reuse":false,"ns":68454,"output_bytes":8182}
S7_JSON {"kind":"request","size":12,"shape":"open_unpaginated","round":18,"reuse":false,"ns":54395,"output_bytes":8182}
S7_JSON {"kind":"request","size":12,"shape":"open_unpaginated","round":18,"reuse":true,"ns":86887,"output_bytes":8182}
S7_JSON {"kind":"request","size":12,"shape":"open_unpaginated","round":19,"reuse":true,"ns":96069,"output_bytes":8182}
S7_JSON {"kind":"request","size":12,"shape":"open_unpaginated","round":19,"reuse":false,"ns":58918,"output_bytes":8182}
S7_JSON {"kind":"request","size":12,"shape":"open_unpaginated","round":20,"reuse":false,"ns":55074,"output_bytes":8182}
S7_JSON {"kind":"request","size":12,"shape":"open_unpaginated","round":20,"reuse":true,"ns":84723,"output_bytes":8182}
S7_JSON {"kind":"request","size":12,"shape":"open_unpaginated","round":21,"reuse":true,"ns":96865,"output_bytes":8182}
S7_JSON {"kind":"request","size":12,"shape":"open_unpaginated","round":21,"reuse":false,"ns":61936,"output_bytes":8182}
S7_JSON {"kind":"request","size":12,"shape":"open_unpaginated","round":22,"reuse":false,"ns":54025,"output_bytes":8182}
S7_JSON {"kind":"request","size":12,"shape":"open_unpaginated","round":22,"reuse":true,"ns":94484,"output_bytes":8182}
S7_JSON {"kind":"request","size":12,"shape":"open_unpaginated","round":23,"reuse":true,"ns":88419,"output_bytes":8182}
S7_JSON {"kind":"request","size":12,"shape":"open_unpaginated","round":23,"reuse":false,"ns":56655,"output_bytes":8182}
S7_JSON {"kind":"request","size":12,"shape":"open_unpaginated","round":24,"reuse":false,"ns":57076,"output_bytes":8182}
S7_JSON {"kind":"request","size":12,"shape":"open_unpaginated","round":24,"reuse":true,"ns":88884,"output_bytes":8182}
S7_JSON {"kind":"request","size":12,"shape":"open_unpaginated","round":25,"reuse":true,"ns":87490,"output_bytes":8182}
S7_JSON {"kind":"request","size":12,"shape":"open_unpaginated","round":25,"reuse":false,"ns":62139,"output_bytes":8182}
S7_JSON {"kind":"request","size":12,"shape":"open_unpaginated","round":26,"reuse":false,"ns":54898,"output_bytes":8182}
S7_JSON {"kind":"request","size":12,"shape":"open_unpaginated","round":26,"reuse":true,"ns":86777,"output_bytes":8182}
S7_JSON {"kind":"request","size":12,"shape":"open_unpaginated","round":27,"reuse":true,"ns":83949,"output_bytes":8182}
S7_JSON {"kind":"request","size":12,"shape":"open_unpaginated","round":27,"reuse":false,"ns":55617,"output_bytes":8182}
S7_JSON {"kind":"request","size":12,"shape":"open_unpaginated","round":28,"reuse":false,"ns":59428,"output_bytes":8182}
S7_JSON {"kind":"request","size":12,"shape":"open_unpaginated","round":28,"reuse":true,"ns":86083,"output_bytes":8182}
S7_JSON {"kind":"request","size":12,"shape":"open_unpaginated","round":29,"reuse":true,"ns":84288,"output_bytes":8182}
S7_JSON {"kind":"request","size":12,"shape":"open_unpaginated","round":29,"reuse":false,"ns":56834,"output_bytes":8182}
S7_JSON {"kind":"request","size":12,"shape":"open_unpaginated","round":30,"reuse":false,"ns":55794,"output_bytes":8182}
S7_JSON {"kind":"request","size":12,"shape":"open_unpaginated","round":30,"reuse":true,"ns":84137,"output_bytes":8182}
S7_JSON {"kind":"work","size":12,"shape":"open_unpaginated","rows":6,"labels":14,"retained_bytes":9026,"budget_bytes":2048000,"subscriptions":1,"full_builds":0,"issue_rows":0,"label_rows":0,"reuses":31,"over_budget_bypasses":0}
S7_JSON {"kind":"request","size":12,"shape":"all_non_template","round":0,"reuse":false,"ns":83877,"output_bytes":19633}
S7_JSON {"kind":"request","size":12,"shape":"all_non_template","round":0,"reuse":true,"ns":106233,"output_bytes":19633}
S7_JSON {"kind":"request","size":12,"shape":"all_non_template","round":1,"reuse":true,"ns":120603,"output_bytes":19633}
S7_JSON {"kind":"request","size":12,"shape":"all_non_template","round":1,"reuse":false,"ns":107013,"output_bytes":19633}
S7_JSON {"kind":"request","size":12,"shape":"all_non_template","round":2,"reuse":false,"ns":80013,"output_bytes":19633}
S7_JSON {"kind":"request","size":12,"shape":"all_non_template","round":2,"reuse":true,"ns":105075,"output_bytes":19633}
S7_JSON {"kind":"request","size":12,"shape":"all_non_template","round":3,"reuse":true,"ns":110995,"output_bytes":19633}
S7_JSON {"kind":"request","size":12,"shape":"all_non_template","round":3,"reuse":false,"ns":85607,"output_bytes":19633}
S7_JSON {"kind":"request","size":12,"shape":"all_non_template","round":4,"reuse":false,"ns":80903,"output_bytes":19633}
S7_JSON {"kind":"request","size":12,"shape":"all_non_template","round":4,"reuse":true,"ns":105083,"output_bytes":19633}
S7_JSON {"kind":"request","size":12,"shape":"all_non_template","round":5,"reuse":true,"ns":116779,"output_bytes":19633}
S7_JSON {"kind":"request","size":12,"shape":"all_non_template","round":5,"reuse":false,"ns":83183,"output_bytes":19633}
S7_JSON {"kind":"request","size":12,"shape":"all_non_template","round":6,"reuse":false,"ns":80826,"output_bytes":19633}
S7_JSON {"kind":"request","size":12,"shape":"all_non_template","round":6,"reuse":true,"ns":106023,"output_bytes":19633}
S7_JSON {"kind":"request","size":12,"shape":"all_non_template","round":7,"reuse":true,"ns":110484,"output_bytes":19633}
S7_JSON {"kind":"request","size":12,"shape":"all_non_template","round":7,"reuse":false,"ns":81123,"output_bytes":19633}
S7_JSON {"kind":"request","size":12,"shape":"all_non_template","round":8,"reuse":false,"ns":81445,"output_bytes":19633}
S7_JSON {"kind":"request","size":12,"shape":"all_non_template","round":8,"reuse":true,"ns":104982,"output_bytes":19633}
S7_JSON {"kind":"request","size":12,"shape":"all_non_template","round":9,"reuse":true,"ns":116499,"output_bytes":19633}
S7_JSON {"kind":"request","size":12,"shape":"all_non_template","round":9,"reuse":false,"ns":80956,"output_bytes":19633}
S7_JSON {"kind":"request","size":12,"shape":"all_non_template","round":10,"reuse":false,"ns":79213,"output_bytes":19633}
S7_JSON {"kind":"request","size":12,"shape":"all_non_template","round":10,"reuse":true,"ns":107342,"output_bytes":19633}
S7_JSON {"kind":"request","size":12,"shape":"all_non_template","round":11,"reuse":true,"ns":107076,"output_bytes":19633}
S7_JSON {"kind":"request","size":12,"shape":"all_non_template","round":11,"reuse":false,"ns":80056,"output_bytes":19633}
S7_JSON {"kind":"request","size":12,"shape":"all_non_template","round":12,"reuse":false,"ns":80053,"output_bytes":19633}
S7_JSON {"kind":"request","size":12,"shape":"all_non_template","round":12,"reuse":true,"ns":104641,"output_bytes":19633}
S7_JSON {"kind":"request","size":12,"shape":"all_non_template","round":13,"reuse":true,"ns":115944,"output_bytes":19633}
S7_JSON {"kind":"request","size":12,"shape":"all_non_template","round":13,"reuse":false,"ns":93737,"output_bytes":19633}
S7_JSON {"kind":"request","size":12,"shape":"all_non_template","round":14,"reuse":false,"ns":81148,"output_bytes":19633}
S7_JSON {"kind":"request","size":12,"shape":"all_non_template","round":14,"reuse":true,"ns":104572,"output_bytes":19633}
S7_JSON {"kind":"request","size":12,"shape":"all_non_template","round":15,"reuse":true,"ns":111780,"output_bytes":19633}
S7_JSON {"kind":"request","size":12,"shape":"all_non_template","round":15,"reuse":false,"ns":81543,"output_bytes":19633}
S7_JSON {"kind":"request","size":12,"shape":"all_non_template","round":16,"reuse":false,"ns":84512,"output_bytes":19633}
S7_JSON {"kind":"request","size":12,"shape":"all_non_template","round":16,"reuse":true,"ns":104593,"output_bytes":19633}
S7_JSON {"kind":"request","size":12,"shape":"all_non_template","round":17,"reuse":true,"ns":106675,"output_bytes":19633}
S7_JSON {"kind":"request","size":12,"shape":"all_non_template","round":17,"reuse":false,"ns":87741,"output_bytes":19633}
S7_JSON {"kind":"request","size":12,"shape":"all_non_template","round":18,"reuse":false,"ns":79868,"output_bytes":19633}
S7_JSON {"kind":"request","size":12,"shape":"all_non_template","round":18,"reuse":true,"ns":104945,"output_bytes":19633}
S7_JSON {"kind":"request","size":12,"shape":"all_non_template","round":19,"reuse":true,"ns":115176,"output_bytes":19633}
S7_JSON {"kind":"request","size":12,"shape":"all_non_template","round":19,"reuse":false,"ns":82009,"output_bytes":19633}
S7_JSON {"kind":"request","size":12,"shape":"all_non_template","round":20,"reuse":false,"ns":80080,"output_bytes":19633}
S7_JSON {"kind":"request","size":12,"shape":"all_non_template","round":20,"reuse":true,"ns":104293,"output_bytes":19633}
S7_JSON {"kind":"request","size":12,"shape":"all_non_template","round":21,"reuse":true,"ns":108097,"output_bytes":19633}
S7_JSON {"kind":"request","size":12,"shape":"all_non_template","round":21,"reuse":false,"ns":79057,"output_bytes":19633}
S7_JSON {"kind":"request","size":12,"shape":"all_non_template","round":22,"reuse":false,"ns":79337,"output_bytes":19633}
S7_JSON {"kind":"request","size":12,"shape":"all_non_template","round":22,"reuse":true,"ns":103385,"output_bytes":19633}
S7_JSON {"kind":"request","size":12,"shape":"all_non_template","round":23,"reuse":true,"ns":126246,"output_bytes":19633}
S7_JSON {"kind":"request","size":12,"shape":"all_non_template","round":23,"reuse":false,"ns":93488,"output_bytes":19633}
S7_JSON {"kind":"request","size":12,"shape":"all_non_template","round":24,"reuse":false,"ns":79858,"output_bytes":19633}
S7_JSON {"kind":"request","size":12,"shape":"all_non_template","round":24,"reuse":true,"ns":102660,"output_bytes":19633}
S7_JSON {"kind":"request","size":12,"shape":"all_non_template","round":25,"reuse":true,"ns":106977,"output_bytes":19633}
S7_JSON {"kind":"request","size":12,"shape":"all_non_template","round":25,"reuse":false,"ns":81897,"output_bytes":19633}
S7_JSON {"kind":"request","size":12,"shape":"all_non_template","round":26,"reuse":false,"ns":79709,"output_bytes":19633}
S7_JSON {"kind":"request","size":12,"shape":"all_non_template","round":26,"reuse":true,"ns":102582,"output_bytes":19633}
S7_JSON {"kind":"request","size":12,"shape":"all_non_template","round":27,"reuse":true,"ns":105920,"output_bytes":19633}
S7_JSON {"kind":"request","size":12,"shape":"all_non_template","round":27,"reuse":false,"ns":88344,"output_bytes":19633}
S7_JSON {"kind":"request","size":12,"shape":"all_non_template","round":28,"reuse":false,"ns":79608,"output_bytes":19633}
S7_JSON {"kind":"request","size":12,"shape":"all_non_template","round":28,"reuse":true,"ns":103399,"output_bytes":19633}
S7_JSON {"kind":"request","size":12,"shape":"all_non_template","round":29,"reuse":true,"ns":106688,"output_bytes":19633}
S7_JSON {"kind":"request","size":12,"shape":"all_non_template","round":29,"reuse":false,"ns":88962,"output_bytes":19633}
S7_JSON {"kind":"request","size":12,"shape":"all_non_template","round":30,"reuse":false,"ns":79161,"output_bytes":19633}
S7_JSON {"kind":"request","size":12,"shape":"all_non_template","round":30,"reuse":true,"ns":104320,"output_bytes":19633}
S7_JSON {"kind":"work","size":12,"shape":"all_non_template","rows":12,"labels":38,"retained_bytes":29972,"budget_bytes":2048000,"subscriptions":2,"full_builds":0,"issue_rows":0,"label_rows":0,"reuses":31,"over_budget_bypasses":0}
S7_JSON {"kind":"request","size":2331,"shape":"open_unpaginated","round":0,"reuse":false,"ns":1568271,"output_bytes":540013}
S7_JSON {"kind":"request","size":2331,"shape":"open_unpaginated","round":0,"reuse":true,"ns":1132167,"output_bytes":540013}
S7_JSON {"kind":"request","size":2331,"shape":"open_unpaginated","round":1,"reuse":true,"ns":1206621,"output_bytes":540013}
S7_JSON {"kind":"request","size":2331,"shape":"open_unpaginated","round":1,"reuse":false,"ns":3243446,"output_bytes":540013}
S7_JSON {"kind":"request","size":2331,"shape":"open_unpaginated","round":2,"reuse":false,"ns":1597596,"output_bytes":540013}
S7_JSON {"kind":"request","size":2331,"shape":"open_unpaginated","round":2,"reuse":true,"ns":1154425,"output_bytes":540013}
S7_JSON {"kind":"request","size":2331,"shape":"open_unpaginated","round":3,"reuse":true,"ns":1176112,"output_bytes":540013}
S7_JSON {"kind":"request","size":2331,"shape":"open_unpaginated","round":3,"reuse":false,"ns":1665240,"output_bytes":540013}
S7_JSON {"kind":"request","size":2331,"shape":"open_unpaginated","round":4,"reuse":false,"ns":1607758,"output_bytes":540013}
S7_JSON {"kind":"request","size":2331,"shape":"open_unpaginated","round":4,"reuse":true,"ns":1122164,"output_bytes":540013}
S7_JSON {"kind":"request","size":2331,"shape":"open_unpaginated","round":5,"reuse":true,"ns":1171542,"output_bytes":540013}
S7_JSON {"kind":"request","size":2331,"shape":"open_unpaginated","round":5,"reuse":false,"ns":1644368,"output_bytes":540013}
S7_JSON {"kind":"request","size":2331,"shape":"open_unpaginated","round":6,"reuse":false,"ns":1592933,"output_bytes":540013}
S7_JSON {"kind":"request","size":2331,"shape":"open_unpaginated","round":6,"reuse":true,"ns":1141164,"output_bytes":540013}
S7_JSON {"kind":"request","size":2331,"shape":"open_unpaginated","round":7,"reuse":true,"ns":1173556,"output_bytes":540013}
S7_JSON {"kind":"request","size":2331,"shape":"open_unpaginated","round":7,"reuse":false,"ns":1633384,"output_bytes":540013}
S7_JSON {"kind":"request","size":2331,"shape":"open_unpaginated","round":8,"reuse":false,"ns":1588849,"output_bytes":540013}
S7_JSON {"kind":"request","size":2331,"shape":"open_unpaginated","round":8,"reuse":true,"ns":1149171,"output_bytes":540013}
S7_JSON {"kind":"request","size":2331,"shape":"open_unpaginated","round":9,"reuse":true,"ns":1156977,"output_bytes":540013}
S7_JSON {"kind":"request","size":2331,"shape":"open_unpaginated","round":9,"reuse":false,"ns":1626245,"output_bytes":540013}
S7_JSON {"kind":"request","size":2331,"shape":"open_unpaginated","round":10,"reuse":false,"ns":1573885,"output_bytes":540013}
S7_JSON {"kind":"request","size":2331,"shape":"open_unpaginated","round":10,"reuse":true,"ns":1147923,"output_bytes":540013}
S7_JSON {"kind":"request","size":2331,"shape":"open_unpaginated","round":11,"reuse":true,"ns":1177870,"output_bytes":540013}
S7_JSON {"kind":"request","size":2331,"shape":"open_unpaginated","round":11,"reuse":false,"ns":1612180,"output_bytes":540013}
S7_JSON {"kind":"request","size":2331,"shape":"open_unpaginated","round":12,"reuse":false,"ns":1580137,"output_bytes":540013}
S7_JSON {"kind":"request","size":2331,"shape":"open_unpaginated","round":12,"reuse":true,"ns":1157719,"output_bytes":540013}
S7_JSON {"kind":"request","size":2331,"shape":"open_unpaginated","round":13,"reuse":true,"ns":1160641,"output_bytes":540013}
S7_JSON {"kind":"request","size":2331,"shape":"open_unpaginated","round":13,"reuse":false,"ns":1615775,"output_bytes":540013}
S7_JSON {"kind":"request","size":2331,"shape":"open_unpaginated","round":14,"reuse":false,"ns":1578987,"output_bytes":540013}
S7_JSON {"kind":"request","size":2331,"shape":"open_unpaginated","round":14,"reuse":true,"ns":1144652,"output_bytes":540013}
S7_JSON {"kind":"request","size":2331,"shape":"open_unpaginated","round":15,"reuse":true,"ns":1159639,"output_bytes":540013}
S7_JSON {"kind":"request","size":2331,"shape":"open_unpaginated","round":15,"reuse":false,"ns":1625933,"output_bytes":540013}
S7_JSON {"kind":"request","size":2331,"shape":"open_unpaginated","round":16,"reuse":false,"ns":1583925,"output_bytes":540013}
S7_JSON {"kind":"request","size":2331,"shape":"open_unpaginated","round":16,"reuse":true,"ns":1145185,"output_bytes":540013}
S7_JSON {"kind":"request","size":2331,"shape":"open_unpaginated","round":17,"reuse":true,"ns":1152970,"output_bytes":540013}
S7_JSON {"kind":"request","size":2331,"shape":"open_unpaginated","round":17,"reuse":false,"ns":1609889,"output_bytes":540013}
S7_JSON {"kind":"request","size":2331,"shape":"open_unpaginated","round":18,"reuse":false,"ns":1575316,"output_bytes":540013}
S7_JSON {"kind":"request","size":2331,"shape":"open_unpaginated","round":18,"reuse":true,"ns":1148594,"output_bytes":540013}
S7_JSON {"kind":"request","size":2331,"shape":"open_unpaginated","round":19,"reuse":true,"ns":1160183,"output_bytes":540013}
S7_JSON {"kind":"request","size":2331,"shape":"open_unpaginated","round":19,"reuse":false,"ns":1609973,"output_bytes":540013}
S7_JSON {"kind":"request","size":2331,"shape":"open_unpaginated","round":20,"reuse":false,"ns":1569245,"output_bytes":540013}
S7_JSON {"kind":"request","size":2331,"shape":"open_unpaginated","round":20,"reuse":true,"ns":1148809,"output_bytes":540013}
S7_JSON {"kind":"request","size":2331,"shape":"open_unpaginated","round":21,"reuse":true,"ns":1155073,"output_bytes":540013}
S7_JSON {"kind":"request","size":2331,"shape":"open_unpaginated","round":21,"reuse":false,"ns":1606239,"output_bytes":540013}
S7_JSON {"kind":"request","size":2331,"shape":"open_unpaginated","round":22,"reuse":false,"ns":1577269,"output_bytes":540013}
S7_JSON {"kind":"request","size":2331,"shape":"open_unpaginated","round":22,"reuse":true,"ns":1146719,"output_bytes":540013}
S7_JSON {"kind":"request","size":2331,"shape":"open_unpaginated","round":23,"reuse":true,"ns":1163982,"output_bytes":540013}
S7_JSON {"kind":"request","size":2331,"shape":"open_unpaginated","round":23,"reuse":false,"ns":1607617,"output_bytes":540013}
S7_JSON {"kind":"request","size":2331,"shape":"open_unpaginated","round":24,"reuse":false,"ns":1577544,"output_bytes":540013}
S7_JSON {"kind":"request","size":2331,"shape":"open_unpaginated","round":24,"reuse":true,"ns":1145282,"output_bytes":540013}
S7_JSON {"kind":"request","size":2331,"shape":"open_unpaginated","round":25,"reuse":true,"ns":1157720,"output_bytes":540013}
S7_JSON {"kind":"request","size":2331,"shape":"open_unpaginated","round":25,"reuse":false,"ns":1623732,"output_bytes":540013}
S7_JSON {"kind":"request","size":2331,"shape":"open_unpaginated","round":26,"reuse":false,"ns":1577147,"output_bytes":540013}
S7_JSON {"kind":"request","size":2331,"shape":"open_unpaginated","round":26,"reuse":true,"ns":1146672,"output_bytes":540013}
S7_JSON {"kind":"request","size":2331,"shape":"open_unpaginated","round":27,"reuse":true,"ns":1153674,"output_bytes":540013}
S7_JSON {"kind":"request","size":2331,"shape":"open_unpaginated","round":27,"reuse":false,"ns":1619934,"output_bytes":540013}
S7_JSON {"kind":"request","size":2331,"shape":"open_unpaginated","round":28,"reuse":false,"ns":1587355,"output_bytes":540013}
S7_JSON {"kind":"request","size":2331,"shape":"open_unpaginated","round":28,"reuse":true,"ns":1126354,"output_bytes":540013}
S7_JSON {"kind":"request","size":2331,"shape":"open_unpaginated","round":29,"reuse":true,"ns":1151324,"output_bytes":540013}
S7_JSON {"kind":"request","size":2331,"shape":"open_unpaginated","round":29,"reuse":false,"ns":1659295,"output_bytes":540013}
S7_JSON {"kind":"request","size":2331,"shape":"open_unpaginated","round":30,"reuse":false,"ns":1561521,"output_bytes":540013}
S7_JSON {"kind":"request","size":2331,"shape":"open_unpaginated","round":30,"reuse":true,"ns":1141325,"output_bytes":540013}
S7_JSON {"kind":"work","size":2331,"shape":"open_unpaginated","rows":396,"labels":943,"retained_bytes":571964,"budget_bytes":2048000,"subscriptions":1,"full_builds":0,"issue_rows":0,"label_rows":0,"reuses":31,"over_budget_bypasses":0}
S7_JSON {"kind":"request","size":2331,"shape":"all_non_template","round":0,"reuse":false,"ns":13050453,"output_bytes":4236152}
S7_JSON {"kind":"request","size":2331,"shape":"all_non_template","round":0,"reuse":true,"ns":16771889,"output_bytes":4236152}
S7_JSON {"kind":"request","size":2331,"shape":"all_non_template","round":1,"reuse":true,"ns":17825198,"output_bytes":4236152}
S7_JSON {"kind":"request","size":2331,"shape":"all_non_template","round":1,"reuse":false,"ns":12934668,"output_bytes":4236152}
S7_JSON {"kind":"request","size":2331,"shape":"all_non_template","round":2,"reuse":false,"ns":12660625,"output_bytes":4236152}
S7_JSON {"kind":"request","size":2331,"shape":"all_non_template","round":2,"reuse":true,"ns":17921837,"output_bytes":4236152}
S7_JSON {"kind":"request","size":2331,"shape":"all_non_template","round":3,"reuse":true,"ns":17248238,"output_bytes":4236152}
S7_JSON {"kind":"request","size":2331,"shape":"all_non_template","round":3,"reuse":false,"ns":12458559,"output_bytes":4236152}
S7_JSON {"kind":"request","size":2331,"shape":"all_non_template","round":4,"reuse":false,"ns":12698859,"output_bytes":4236152}
S7_JSON {"kind":"request","size":2331,"shape":"all_non_template","round":4,"reuse":true,"ns":18113653,"output_bytes":4236152}
S7_JSON {"kind":"request","size":2331,"shape":"all_non_template","round":5,"reuse":true,"ns":17523424,"output_bytes":4236152}
S7_JSON {"kind":"request","size":2331,"shape":"all_non_template","round":5,"reuse":false,"ns":12567154,"output_bytes":4236152}
S7_JSON {"kind":"request","size":2331,"shape":"all_non_template","round":6,"reuse":false,"ns":12703187,"output_bytes":4236152}
S7_JSON {"kind":"request","size":2331,"shape":"all_non_template","round":6,"reuse":true,"ns":18069973,"output_bytes":4236152}
S7_JSON {"kind":"request","size":2331,"shape":"all_non_template","round":7,"reuse":true,"ns":17467756,"output_bytes":4236152}
S7_JSON {"kind":"request","size":2331,"shape":"all_non_template","round":7,"reuse":false,"ns":12483068,"output_bytes":4236152}
S7_JSON {"kind":"request","size":2331,"shape":"all_non_template","round":8,"reuse":false,"ns":12655604,"output_bytes":4236152}
S7_JSON {"kind":"request","size":2331,"shape":"all_non_template","round":8,"reuse":true,"ns":18293447,"output_bytes":4236152}
S7_JSON {"kind":"request","size":2331,"shape":"all_non_template","round":9,"reuse":true,"ns":17287611,"output_bytes":4236152}
S7_JSON {"kind":"request","size":2331,"shape":"all_non_template","round":9,"reuse":false,"ns":12532180,"output_bytes":4236152}
S7_JSON {"kind":"request","size":2331,"shape":"all_non_template","round":10,"reuse":false,"ns":12721380,"output_bytes":4236152}
S7_JSON {"kind":"request","size":2331,"shape":"all_non_template","round":10,"reuse":true,"ns":18307861,"output_bytes":4236152}
S7_JSON {"kind":"request","size":2331,"shape":"all_non_template","round":11,"reuse":true,"ns":17353924,"output_bytes":4236152}
S7_JSON {"kind":"request","size":2331,"shape":"all_non_template","round":11,"reuse":false,"ns":12419960,"output_bytes":4236152}
S7_JSON {"kind":"request","size":2331,"shape":"all_non_template","round":12,"reuse":false,"ns":12679562,"output_bytes":4236152}
S7_JSON {"kind":"request","size":2331,"shape":"all_non_template","round":12,"reuse":true,"ns":17869073,"output_bytes":4236152}
S7_JSON {"kind":"request","size":2331,"shape":"all_non_template","round":13,"reuse":true,"ns":17411705,"output_bytes":4236152}
S7_JSON {"kind":"request","size":2331,"shape":"all_non_template","round":13,"reuse":false,"ns":12465591,"output_bytes":4236152}
S7_JSON {"kind":"request","size":2331,"shape":"all_non_template","round":14,"reuse":false,"ns":12749817,"output_bytes":4236152}
S7_JSON {"kind":"request","size":2331,"shape":"all_non_template","round":14,"reuse":true,"ns":18039204,"output_bytes":4236152}
S7_JSON {"kind":"request","size":2331,"shape":"all_non_template","round":15,"reuse":true,"ns":17351498,"output_bytes":4236152}
S7_JSON {"kind":"request","size":2331,"shape":"all_non_template","round":15,"reuse":false,"ns":12478460,"output_bytes":4236152}
S7_JSON {"kind":"request","size":2331,"shape":"all_non_template","round":16,"reuse":false,"ns":12833990,"output_bytes":4236152}
S7_JSON {"kind":"request","size":2331,"shape":"all_non_template","round":16,"reuse":true,"ns":17935889,"output_bytes":4236152}
S7_JSON {"kind":"request","size":2331,"shape":"all_non_template","round":17,"reuse":true,"ns":17198730,"output_bytes":4236152}
S7_JSON {"kind":"request","size":2331,"shape":"all_non_template","round":17,"reuse":false,"ns":12456453,"output_bytes":4236152}
S7_JSON {"kind":"request","size":2331,"shape":"all_non_template","round":18,"reuse":false,"ns":12658624,"output_bytes":4236152}
S7_JSON {"kind":"request","size":2331,"shape":"all_non_template","round":18,"reuse":true,"ns":17991044,"output_bytes":4236152}
S7_JSON {"kind":"request","size":2331,"shape":"all_non_template","round":19,"reuse":true,"ns":17217498,"output_bytes":4236152}
S7_JSON {"kind":"request","size":2331,"shape":"all_non_template","round":19,"reuse":false,"ns":12528891,"output_bytes":4236152}
S7_JSON {"kind":"request","size":2331,"shape":"all_non_template","round":20,"reuse":false,"ns":12834054,"output_bytes":4236152}
S7_JSON {"kind":"request","size":2331,"shape":"all_non_template","round":20,"reuse":true,"ns":18105145,"output_bytes":4236152}
S7_JSON {"kind":"request","size":2331,"shape":"all_non_template","round":21,"reuse":true,"ns":17189714,"output_bytes":4236152}
S7_JSON {"kind":"request","size":2331,"shape":"all_non_template","round":21,"reuse":false,"ns":12494869,"output_bytes":4236152}
S7_JSON {"kind":"request","size":2331,"shape":"all_non_template","round":22,"reuse":false,"ns":12663530,"output_bytes":4236152}
S7_JSON {"kind":"request","size":2331,"shape":"all_non_template","round":22,"reuse":true,"ns":18152945,"output_bytes":4236152}
S7_JSON {"kind":"request","size":2331,"shape":"all_non_template","round":23,"reuse":true,"ns":17251657,"output_bytes":4236152}
S7_JSON {"kind":"request","size":2331,"shape":"all_non_template","round":23,"reuse":false,"ns":12498481,"output_bytes":4236152}
S7_JSON {"kind":"request","size":2331,"shape":"all_non_template","round":24,"reuse":false,"ns":12729693,"output_bytes":4236152}
S7_JSON {"kind":"request","size":2331,"shape":"all_non_template","round":24,"reuse":true,"ns":17926977,"output_bytes":4236152}
S7_JSON {"kind":"request","size":2331,"shape":"all_non_template","round":25,"reuse":true,"ns":17308777,"output_bytes":4236152}
S7_JSON {"kind":"request","size":2331,"shape":"all_non_template","round":25,"reuse":false,"ns":12567853,"output_bytes":4236152}
S7_JSON {"kind":"request","size":2331,"shape":"all_non_template","round":26,"reuse":false,"ns":12700180,"output_bytes":4236152}
S7_JSON {"kind":"request","size":2331,"shape":"all_non_template","round":26,"reuse":true,"ns":18084763,"output_bytes":4236152}
S7_JSON {"kind":"request","size":2331,"shape":"all_non_template","round":27,"reuse":true,"ns":17342441,"output_bytes":4236152}
S7_JSON {"kind":"request","size":2331,"shape":"all_non_template","round":27,"reuse":false,"ns":12541824,"output_bytes":4236152}
S7_JSON {"kind":"request","size":2331,"shape":"all_non_template","round":28,"reuse":false,"ns":12688651,"output_bytes":4236152}
S7_JSON {"kind":"request","size":2331,"shape":"all_non_template","round":28,"reuse":true,"ns":18058727,"output_bytes":4236152}
S7_JSON {"kind":"request","size":2331,"shape":"all_non_template","round":29,"reuse":true,"ns":17353970,"output_bytes":4236152}
S7_JSON {"kind":"request","size":2331,"shape":"all_non_template","round":29,"reuse":false,"ns":12580094,"output_bytes":4236152}
S7_JSON {"kind":"request","size":2331,"shape":"all_non_template","round":30,"reuse":false,"ns":12739270,"output_bytes":4236152}
S7_JSON {"kind":"request","size":2331,"shape":"all_non_template","round":30,"reuse":true,"ns":17984581,"output_bytes":4236152}
ok

test result: ok. 1 passed; 0 failed; 0 ignored; 0 measured; 299 filtered outS7_JSON {"kind":"work","size":2331,"shape":"all_non_template","rows":2331,"labels":9674,"retained_bytes":571964,"budget_bytes":2048000,"subscriptions":1,"full_builds":31,"issue_rows":72261,"label_rows":299894,"reuses":0,"over_budget_bypasses":31}
; finished in 3.26s


--- sccache stats (spur/worktrees/6e49c414-0c7c-43e6-ae12-230c2e47e4c0) ---
Compile requests                    3541
Compile requests executed           2813
Cache hits                          1673
Cache hits (Assembler)                56
Cache hits (C/C++)                   508
Cache hits (Rust)                   1109
Cache misses                        1124
Cache misses (C/C++)                 242
Cache misses (Rust)                  882
Cache hits rate                    59.81 %
Cache hits rate (Assembler)       100.00 %
Cache hits rate (C/C++)            67.73 %
Cache hits rate (Rust)             55.70 %
Cache timeouts                         0
Cache read errors                      0
Forced recaches                        0
Cache write errors                     0
Cache errors                           0
Compilations                        1124
Compilation failures                  16
[build] Done. target lives at i-035f3692d8c17df4a:/mnt/cargo/targets/spur/worktrees/6e49c414-0c7c-43e6-ae12-230c2e47e4c0 — use scripts/cloud-build/fetch.sh to pull artifacts.
[build] Remote build queue: released ticket 00000000000000000192.

EXIT_STATUS 0
